// Jest Snapshot v1, https://goo.gl/fbAQLP

exports[`expect to render card component 1`] = `
<div
  className="bg-light-green pa3 ma2 tc dib bw2 shadow-5 grow"
>
  <img
    alt="robots"
    height="200"
    src="https://robohash.org/undefinedhehe"
    width="200"
  />
  <div>
    <h2 />
    <p />
  </div>
</div>
`;
