// Jest Snapshot v1, https://goo.gl/fbAQLP

exports[`renders MainPage without crashing 1`] = `
<div
  className="tc"
>
  <Header />
  <SearchBox />
  <ErrorBoundry>
    <CardList
      robots={
        Array [
          Object {
            "email": "john@gmail.com",
            "id": 3,
            "name": "John",
          },
        ]
      }
    />
  </ErrorBoundry>
</div>
`;
